Component: ARM Compiler 5.06 update 1 (build 61) Tool: armlink [4d35a8]

==============================================================================

Section Cross References

    system_stm32f10x.o(.text) refers to system_stm32f10x.o(.data) for SystemCoreClock
    stm32f10x_gpio.o(.text) refers to stm32f10x_rcc.o(.text) for RCC_APB2PeriphResetCmd
    stm32f10x_rcc.o(.text) refers to stm32f10x_rcc.o(.data) for APBAHBPrescTable
    stm32f10x_usart.o(.text) refers to stm32f10x_rcc.o(.text) for RCC_APB2PeriphResetCmd
    stm32f10x_bkp.o(.text) refers to stm32f10x_rcc.o(.text) for RCC_BackupResetCmd
    stm32f10x_pwr.o(.text) refers to stm32f10x_rcc.o(.text) for RCC_APB1PeriphResetCmd
    stm32f10x_tim.o(.text) refers to stm32f10x_rcc.o(.text) for RCC_APB2PeriphResetCmd
    stm32f10x_adc.o(.text) refers to stm32f10x_rcc.o(.text) for RCC_APB2PeriphResetCmd
    stm32f10x_i2c.o(.text) refers to stm32f10x_rcc.o(.text) for RCC_APB1PeriphResetCmd
    startup_stm32f10x_md.o(STACK) refers (Special) to heapauxi.o(.text) for __use_two_region_memory
    startup_stm32f10x_md.o(HEAP) refers (Special) to heapauxi.o(.text) for __use_two_region_memory
    startup_stm32f10x_md.o(RESET) refers (Special) to heapauxi.o(.text) for __use_two_region_memory
    startup_stm32f10x_md.o(RESET) refers to startup_stm32f10x_md.o(STACK) for __initial_sp
    startup_stm32f10x_md.o(RESET) refers to startup_stm32f10x_md.o(.text) for Reset_Handler
    startup_stm32f10x_md.o(RESET) refers to stm32f10x_it.o(.text) for NMI_Handler
    startup_stm32f10x_md.o(RESET) refers to hcsr.o(.text) for TIM2_IRQHandler
    startup_stm32f10x_md.o(RESET) refers to receive_port.o(.text) for USART1_IRQHandler
    startup_stm32f10x_md.o(.text) refers (Special) to heapauxi.o(.text) for __use_two_region_memory
    startup_stm32f10x_md.o(.text) refers to system_stm32f10x.o(.text) for SystemInit
    startup_stm32f10x_md.o(.text) refers to __main.o(!!!main) for __main
    startup_stm32f10x_md.o(.text) refers to startup_stm32f10x_md.o(HEAP) for Heap_Mem
    startup_stm32f10x_md.o(.text) refers to startup_stm32f10x_md.o(STACK) for Stack_Mem
    main.o(.text) refers to delay.o(.text) for delay_ms
    main.o(.text) refers to misc.o(.text) for NVIC_PriorityGroupConfig
    main.o(.text) refers to sys.o(.text) for RCC_Configuration
    main.o(.text) refers to motr.o(.text) for Wheel_init
    main.o(.text) refers to receive_port.o(.text) for uart1_Init
    main.o(.text) refers to ooled.o(.text) for OLED_Init
    main.o(.text) refers to receive_port.o(.data) for out
    sys.o(.text) refers to misc.o(.text) for NVIC_PriorityGroupConfig
    sys.o(.text) refers to stm32f10x_rcc.o(.text) for RCC_DeInit
    sys.o(.text) refers to stm32f10x_flash.o(.text) for FLASH_SetLatency
    i2c.o(.text) refers to stm32f10x_rcc.o(.text) for RCC_APB2PeriphClockCmd
    i2c.o(.text) refers to stm32f10x_gpio.o(.text) for GPIO_Init
    i2c.o(.text) refers to stm32f10x_i2c.o(.text) for I2C_Init
    hcsr.o(.text) refers to stm32f10x_rcc.o(.text) for RCC_APB2PeriphClockCmd
    hcsr.o(.text) refers to stm32f10x_gpio.o(.text) for GPIO_Init
    hcsr.o(.text) refers to stm32f10x_tim.o(.text) for TIM_TimeBaseInit
    hcsr.o(.text) refers to misc.o(.text) for NVIC_Init
    hcsr.o(.text) refers to delay.o(.text) for delay_us
    hcsr.o(.text) refers to fflt_clz.o(x$fpl$fflt) for __aeabi_i2f
    hcsr.o(.text) refers to fdiv.o(x$fpl$fdiv) for __aeabi_fdiv
    hcsr.o(.text) refers to hcsr.o(.data) for N
    oled.o(.text) refers to rt_memcpy_w.o(.text) for __aeabi_memcpy4
    oled.o(.text) refers to i2c.o(.text) for I2C_SAND_BUFFER
    oled.o(.text) refers to oled.o(.constdata) for ASCII_8x16
    motr.o(.text) refers to stm32f10x_rcc.o(.text) for RCC_APB2PeriphClockCmd
    motr.o(.text) refers to stm32f10x_gpio.o(.text) for GPIO_Init
    motr.o(.text) refers to stm32f10x_tim.o(.text) for TIM_SetCompare3
    motr.o(.text) refers to motr.o(.data) for out0
    motr.o(.text) refers to receive_port.o(.data) for sig
    receive_port.o(.text) refers to stm32f10x_rcc.o(.text) for RCC_APB1PeriphClockCmd
    receive_port.o(.text) refers to stm32f10x_gpio.o(.text) for GPIO_Init
    receive_port.o(.text) refers to misc.o(.text) for NVIC_Init
    receive_port.o(.text) refers to stm32f10x_usart.o(.text) for USART_Init
    receive_port.o(.text) refers to receive_port.o(.data) for RxState
    receive_port.o(.text) refers to receive_port.o(.bss) for RxBuffer1
    ooled.o(.text) refers to stm32f10x_rcc.o(.text) for RCC_APB2PeriphClockCmd
    ooled.o(.text) refers to stm32f10x_gpio.o(.text) for GPIO_Init
    ooled.o(.text) refers to ooled.o(.constdata) for OLED_F8x16
    ooled.o(.text) refers to ooled.o(.data) for Hzk
    __main.o(!!!main) refers to __rtentry.o(.ARM.Collect$$rtentry$$00000000) for __rt_entry
    fdiv.o(x$fpl$frdiv) refers (Special) to usenofp.o(x$fpl$usenofp) for __I$use$fp
    fdiv.o(x$fpl$frdiv) refers to fdiv.o(x$fpl$fdiv) for _fdiv1
    fdiv.o(x$fpl$fdiv) refers (Special) to usenofp.o(x$fpl$usenofp) for __I$use$fp
    fdiv.o(x$fpl$fdiv) refers to fretinf.o(x$fpl$fretinf) for __fpl_fretinf
    fdiv.o(x$fpl$fdiv) refers to fnaninf.o(x$fpl$fnaninf) for __fpl_fnaninf
    fflt_clz.o(x$fpl$ffltu) refers (Special) to usenofp.o(x$fpl$usenofp) for __I$use$fp
    fflt_clz.o(x$fpl$fflt) refers (Special) to usenofp.o(x$fpl$usenofp) for __I$use$fp
    fflt_clz.o(x$fpl$ffltn) refers (Special) to usenofp.o(x$fpl$usenofp) for __I$use$fp
    __rtentry.o(.ARM.Collect$$rtentry$$00000000) refers (Special) to __rtentry2.o(.ARM.Collect$$rtentry$$0000000A) for __rt_entry_li
    __rtentry.o(.ARM.Collect$$rtentry$$00000000) refers (Special) to __rtentry2.o(.ARM.Collect$$rtentry$$0000000D) for __rt_entry_main
    __rtentry.o(.ARM.Collect$$rtentry$$00000000) refers (Special) to __rtentry2.o(.ARM.Collect$$rtentry$$0000000C) for __rt_entry_postli_1
    __rtentry.o(.ARM.Collect$$rtentry$$00000000) refers (Special) to __rtentry2.o(.ARM.Collect$$rtentry$$00000009) for __rt_entry_postsh_1
    __rtentry.o(.ARM.Collect$$rtentry$$00000000) refers (Special) to __rtentry2.o(.ARM.Collect$$rtentry$$00000002) for __rt_entry_presh_1
    __rtentry.o(.ARM.Collect$$rtentry$$00000000) refers (Special) to __rtentry4.o(.ARM.Collect$$rtentry$$00000004) for __rt_entry_sh
    fnaninf.o(x$fpl$fnaninf) refers (Special) to usenofp.o(x$fpl$usenofp) for __I$use$fp
    fretinf.o(x$fpl$fretinf) refers (Special) to usenofp.o(x$fpl$usenofp) for __I$use$fp
    __rtentry2.o(.ARM.Collect$$rtentry$$00000008) refers to boardinit2.o(.text) for _platform_post_stackheap_init
    __rtentry2.o(.ARM.Collect$$rtentry$$0000000A) refers to libinit.o(.ARM.Collect$$libinit$$00000000) for __rt_lib_init
    __rtentry2.o(.ARM.Collect$$rtentry$$0000000B) refers to boardinit3.o(.text) for _platform_post_lib_init
    __rtentry2.o(.ARM.Collect$$rtentry$$0000000D) refers to main.o(.text) for main
    __rtentry2.o(.ARM.Collect$$rtentry$$0000000D) refers to exit.o(.text) for exit
    __rtentry2.o(.ARM.exidx) refers to __rtentry2.o(.ARM.Collect$$rtentry$$00000001) for .ARM.Collect$$rtentry$$00000001
    __rtentry2.o(.ARM.exidx) refers to __rtentry2.o(.ARM.Collect$$rtentry$$00000008) for .ARM.Collect$$rtentry$$00000008
    __rtentry2.o(.ARM.exidx) refers to __rtentry2.o(.ARM.Collect$$rtentry$$0000000A) for .ARM.Collect$$rtentry$$0000000A
    __rtentry2.o(.ARM.exidx) refers to __rtentry2.o(.ARM.Collect$$rtentry$$0000000B) for .ARM.Collect$$rtentry$$0000000B
    __rtentry2.o(.ARM.exidx) refers to __rtentry2.o(.ARM.Collect$$rtentry$$0000000D) for .ARM.Collect$$rtentry$$0000000D
    __rtentry4.o(.ARM.Collect$$rtentry$$00000004) refers to sys_stackheap_outer.o(.text) for __user_setup_stackheap
    __rtentry4.o(.ARM.exidx) refers to __rtentry4.o(.ARM.Collect$$rtentry$$00000004) for .ARM.Collect$$rtentry$$00000004
    sys_stackheap_outer.o(.text) refers to libspace.o(.text) for __user_perproc_libspace
    sys_stackheap_outer.o(.text) refers to startup_stm32f10x_md.o(.text) for __user_initial_stackheap
    exit.o(.text) refers to rtexit.o(.ARM.Collect$$rtexit$$00000000) for __rt_exit
    libinit.o(.ARM.Collect$$libinit$$00000000) refers (Special) to libinit2.o(.ARM.Collect$$libinit$$0000002E) for __rt_lib_init_alloca_1
    libinit.o(.ARM.Collect$$libinit$$00000000) refers (Special) to libinit2.o(.ARM.Collect$$libinit$$0000002C) for __rt_lib_init_argv_1
    libinit.o(.ARM.Collect$$libinit$$00000000) refers (Special) to libinit2.o(.ARM.Collect$$libinit$$0000001B) for __rt_lib_init_atexit_1
    libinit.o(.ARM.Collect$$libinit$$00000000) refers (Special) to libinit2.o(.ARM.Collect$$libinit$$00000021) for __rt_lib_init_clock_1
    libinit.o(.ARM.Collect$$libinit$$00000000) refers (Special) to libinit2.o(.ARM.Collect$$libinit$$00000032) for __rt_lib_init_cpp_1
    libinit.o(.ARM.Collect$$libinit$$00000000) refers (Special) to libinit2.o(.ARM.Collect$$libinit$$00000030) for __rt_lib_init_exceptions_1
    libinit.o(.ARM.Collect$$libinit$$00000000) refers (Special) to libinit2.o(.ARM.Collect$$libinit$$00000002) for __rt_lib_init_fp_1
    libinit.o(.ARM.Collect$$libinit$$00000000) refers (Special) to libinit2.o(.ARM.Collect$$libinit$$0000001F) for __rt_lib_init_fp_trap_1
    libinit.o(.ARM.Collect$$libinit$$00000000) refers (Special) to libinit2.o(.ARM.Collect$$libinit$$00000023) for __rt_lib_init_getenv_1
    libinit.o(.ARM.Collect$$libinit$$00000000) refers (Special) to libinit2.o(.ARM.Collect$$libinit$$0000000A) for __rt_lib_init_heap_1
    libinit.o(.ARM.Collect$$libinit$$00000000) refers (Special) to libinit2.o(.ARM.Collect$$libinit$$00000011) for __rt_lib_init_lc_collate_1
    libinit.o(.ARM.Collect$$libinit$$00000000) refers (Special) to libinit2.o(.ARM.Collect$$libinit$$00000013) for __rt_lib_init_lc_ctype_1
    libinit.o(.ARM.Collect$$libinit$$00000000) refers (Special) to libinit2.o(.ARM.Collect$$libinit$$00000015) for __rt_lib_init_lc_monetary_1
    libinit.o(.ARM.Collect$$libinit$$00000000) refers (Special) to libinit2.o(.ARM.Collect$$libinit$$00000017) for __rt_lib_init_lc_numeric_1
    libinit.o(.ARM.Collect$$libinit$$00000000) refers (Special) to libinit2.o(.ARM.Collect$$libinit$$00000019) for __rt_lib_init_lc_time_1
    libinit.o(.ARM.Collect$$libinit$$00000000) refers (Special) to libinit2.o(.ARM.Collect$$libinit$$00000004) for __rt_lib_init_preinit_1
    libinit.o(.ARM.Collect$$libinit$$00000000) refers (Special) to libinit2.o(.ARM.Collect$$libinit$$0000000E) for __rt_lib_init_rand_1
    libinit.o(.ARM.Collect$$libinit$$00000000) refers (Special) to libinit2.o(.ARM.Collect$$libinit$$00000033) for __rt_lib_init_return
    libinit.o(.ARM.Collect$$libinit$$00000000) refers (Special) to libinit2.o(.ARM.Collect$$libinit$$0000001D) for __rt_lib_init_signal_1
    libinit.o(.ARM.Collect$$libinit$$00000000) refers (Special) to libinit2.o(.ARM.Collect$$libinit$$00000025) for __rt_lib_init_stdio_1
    libinit.o(.ARM.Collect$$libinit$$00000000) refers (Special) to libinit2.o(.ARM.Collect$$libinit$$0000000C) for __rt_lib_init_user_alloc_1
    libspace.o(.text) refers to libspace.o(.bss) for __libspace_start
    rtexit.o(.ARM.Collect$$rtexit$$00000000) refers (Special) to rtexit2.o(.ARM.Collect$$rtexit$$00000004) for __rt_exit_exit
    rtexit.o(.ARM.Collect$$rtexit$$00000000) refers (Special) to rtexit2.o(.ARM.Collect$$rtexit$$00000003) for __rt_exit_ls
    rtexit.o(.ARM.Collect$$rtexit$$00000000) refers (Special) to rtexit2.o(.ARM.Collect$$rtexit$$00000002) for __rt_exit_prels_1
    rtexit.o(.ARM.exidx) refers (Special) to rtexit2.o(.ARM.Collect$$rtexit$$00000004) for __rt_exit_exit
    rtexit.o(.ARM.exidx) refers (Special) to rtexit2.o(.ARM.Collect$$rtexit$$00000003) for __rt_exit_ls
    rtexit.o(.ARM.exidx) refers (Special) to rtexit2.o(.ARM.Collect$$rtexit$$00000002) for __rt_exit_prels_1
    rtexit.o(.ARM.exidx) refers to rtexit.o(.ARM.Collect$$rtexit$$00000000) for .ARM.Collect$$rtexit$$00000000
    libinit2.o(.ARM.Collect$$libinit$$00000010) refers to libinit2.o(.ARM.Collect$$libinit$$0000000F) for .ARM.Collect$$libinit$$0000000F
    libinit2.o(.ARM.Collect$$libinit$$00000012) refers to libinit2.o(.ARM.Collect$$libinit$$0000000F) for .ARM.Collect$$libinit$$0000000F
    libinit2.o(.ARM.Collect$$libinit$$00000014) refers to libinit2.o(.ARM.Collect$$libinit$$0000000F) for .ARM.Collect$$libinit$$0000000F
    libinit2.o(.ARM.Collect$$libinit$$00000016) refers to libinit2.o(.ARM.Collect$$libinit$$0000000F) for .ARM.Collect$$libinit$$0000000F
    libinit2.o(.ARM.Collect$$libinit$$00000018) refers to libinit2.o(.ARM.Collect$$libinit$$0000000F) for .ARM.Collect$$libinit$$0000000F
    libinit2.o(.ARM.Collect$$libinit$$00000026) refers to argv_veneer.o(.emb_text) for __ARM_argv_veneer
    libinit2.o(.ARM.Collect$$libinit$$00000027) refers to argv_veneer.o(.emb_text) for __ARM_argv_veneer
    rtexit2.o(.ARM.Collect$$rtexit$$00000003) refers to libshutdown.o(.ARM.Collect$$libshutdown$$00000000) for __rt_lib_shutdown
    rtexit2.o(.ARM.Collect$$rtexit$$00000004) refers to sys_exit.o(.text) for _sys_exit
    rtexit2.o(.ARM.exidx) refers to rtexit2.o(.ARM.Collect$$rtexit$$00000001) for .ARM.Collect$$rtexit$$00000001
    rtexit2.o(.ARM.exidx) refers to rtexit2.o(.ARM.Collect$$rtexit$$00000003) for .ARM.Collect$$rtexit$$00000003
    rtexit2.o(.ARM.exidx) refers to rtexit2.o(.ARM.Collect$$rtexit$$00000004) for .ARM.Collect$$rtexit$$00000004
    argv_veneer.o(.emb_text) refers to no_argv.o(.text) for __ARM_get_argv
    sys_exit.o(.text) refers (Special) to use_no_semi.o(.text) for __I$use$semihosting
    sys_exit.o(.text) refers (Special) to indicate_semi.o(.text) for __semihosting_library_function
    _get_argv_nomalloc.o(.text) refers (Special) to hrguard.o(.text) for __heap_region$guard
    _get_argv_nomalloc.o(.text) refers to defsig_rtmem_outer.o(.text) for __rt_SIGRTMEM
    _get_argv_nomalloc.o(.text) refers to sys_command.o(.text) for _sys_command_string
    libshutdown.o(.ARM.Collect$$libshutdown$$00000000) refers (Special) to libshutdown2.o(.ARM.Collect$$libshutdown$$00000002) for __rt_lib_shutdown_cpp_1
    libshutdown.o(.ARM.Collect$$libshutdown$$00000000) refers (Special) to libshutdown2.o(.ARM.Collect$$libshutdown$$00000007) for __rt_lib_shutdown_fp_trap_1
    libshutdown.o(.ARM.Collect$$libshutdown$$00000000) refers (Special) to libshutdown2.o(.ARM.Collect$$libshutdown$$0000000F) for __rt_lib_shutdown_heap_1
    libshutdown.o(.ARM.Collect$$libshutdown$$00000000) refers (Special) to libshutdown2.o(.ARM.Collect$$libshutdown$$00000010) for __rt_lib_shutdown_return
    libshutdown.o(.ARM.Collect$$libshutdown$$00000000) refers (Special) to libshutdown2.o(.ARM.Collect$$libshutdown$$0000000A) for __rt_lib_shutdown_signal_1
    libshutdown.o(.ARM.Collect$$libshutdown$$00000000) refers (Special) to libshutdown2.o(.ARM.Collect$$libshutdown$$00000004) for __rt_lib_shutdown_stdio_1
    libshutdown.o(.ARM.Collect$$libshutdown$$00000000) refers (Special) to libshutdown2.o(.ARM.Collect$$libshutdown$$0000000C) for __rt_lib_shutdown_user_alloc_1
    sys_command.o(.text) refers (Special) to use_no_semi.o(.text) for __I$use$semihosting
    sys_command.o(.text) refers (Special) to indicate_semi.o(.text) for __semihosting_library_function
    defsig_rtmem_outer.o(.text) refers to defsig_rtmem_inner.o(.text) for __rt_SIGRTMEM_inner
    defsig_rtmem_outer.o(.text) refers to defsig_exit.o(.text) for __sig_exit
    defsig_rtmem_formal.o(.text) refers to rt_raise.o(.text) for __rt_raise
    rt_raise.o(.text) refers to __raise.o(.text) for __raise
    rt_raise.o(.text) refers to sys_exit.o(.text) for _sys_exit
    defsig_exit.o(.text) refers to sys_exit.o(.text) for _sys_exit
    defsig_rtmem_inner.o(.text) refers to defsig_general.o(.text) for __default_signal_display
    __raise.o(.text) refers to defsig.o(CL$$defsig) for __default_signal_handler
    defsig_general.o(.text) refers to sys_wrch.o(.text) for _ttywrch
    sys_wrch.o(.text) refers (Special) to use_no_semi.o(.text) for __I$use$semihosting
    sys_wrch.o(.text) refers (Special) to indicate_semi.o(.text) for __semihosting_library_function
    defsig.o(CL$$defsig) refers to defsig_rtmem_inner.o(.text) for __rt_SIGRTMEM_inner
    defsig_abrt_inner.o(.text) refers to defsig_general.o(.text) for __default_signal_display
    defsig_fpe_inner.o(.text) refers to defsig_general.o(.text) for __default_signal_display
    defsig_rtred_inner.o(.text) refers to defsig_general.o(.text) for __default_signal_display
    defsig_stak_inner.o(.text) refers to defsig_general.o(.text) for __default_signal_display
    defsig_pvfn_inner.o(.text) refers to defsig_general.o(.text) for __default_signal_display
    defsig_cppl_inner.o(.text) refers to defsig_general.o(.text) for __default_signal_display
    defsig_segv_inner.o(.text) refers to defsig_general.o(.text) for __default_signal_display
    defsig_other.o(.text) refers to defsig_general.o(.text) for __default_signal_display


==============================================================================

Removing Unused input sections from the image.

    Removing core_cm3.o(.emb_text), (32 bytes).
    Removing stm32f10x_bkp.o(.text), (196 bytes).
    Removing stm32f10x_pwr.o(.text), (204 bytes).
    Removing stm32f10x_rtc.o(.text), (328 bytes).
    Removing stm32f10x_adc.o(.text), (1102 bytes).
    Removing stm32f10x_dma.o(.text), (596 bytes).
    Removing stm32f10x_i2c.o(.text), (1028 bytes).
    Removing main.o(.data), (6 bytes).
    Removing i2c.o(.text), (768 bytes).
    Removing oled.o(.text), (384 bytes).
    Removing oled.o(.constdata), (1536 bytes).

11 unused section(s) (total 6180 bytes) removed from the image.

==============================================================================

Image Symbol Table

    Local Symbols

    Symbol Name                              Value     Ov Type        Size  Object(Section)

    ../clib/angel/boardlib.s                 0x00000000   Number         0  boardshut.o ABSOLUTE
    ../clib/angel/boardlib.s                 0x00000000   Number         0  boardinit3.o ABSOLUTE
    ../clib/angel/boardlib.s                 0x00000000   Number         0  boardinit2.o ABSOLUTE
    ../clib/angel/boardlib.s                 0x00000000   Number         0  boardinit1.o ABSOLUTE
    ../clib/angel/handlers.s                 0x00000000   Number         0  __scatter_copy.o ABSOLUTE
    ../clib/angel/handlers.s                 0x00000000   Number         0  __scatter_zi.o ABSOLUTE
    ../clib/angel/kernel.s                   0x00000000   Number         0  __rtentry4.o ABSOLUTE
    ../clib/angel/kernel.s                   0x00000000   Number         0  __rtentry2.o ABSOLUTE
    ../clib/angel/kernel.s                   0x00000000   Number         0  rtexit2.o ABSOLUTE
    ../clib/angel/kernel.s                   0x00000000   Number         0  rtexit.o ABSOLUTE
    ../clib/angel/kernel.s                   0x00000000   Number         0  __rtentry.o ABSOLUTE
    ../clib/angel/rt.s                       0x00000000   Number         0  rt_raise.o ABSOLUTE
    ../clib/angel/scatter.s                  0x00000000   Number         0  __scatter.o ABSOLUTE
    ../clib/angel/startup.s                  0x00000000   Number         0  __main.o ABSOLUTE
    ../clib/angel/sys.s                      0x00000000   Number         0  use_no_semi.o ABSOLUTE
    ../clib/angel/sys.s                      0x00000000   Number         0  sys_stackheap_outer.o ABSOLUTE
    ../clib/angel/sys.s                      0x00000000   Number         0  libspace.o ABSOLUTE
    ../clib/angel/sys.s                      0x00000000   Number         0  indicate_semi.o ABSOLUTE
    ../clib/angel/sysapp.c                   0x00000000   Number         0  sys_command.o ABSOLUTE
    ../clib/angel/sysapp.c                   0x00000000   Number         0  sys_exit.o ABSOLUTE
    ../clib/angel/sysapp.c                   0x00000000   Number         0  sys_wrch.o ABSOLUTE
    ../clib/armsys.c                         0x00000000   Number         0  no_argv.o ABSOLUTE
    ../clib/armsys.c                         0x00000000   Number         0  _get_argv_nomalloc.o ABSOLUTE
    ../clib/armsys.c                         0x00000000   Number         0  argv_veneer.o ABSOLUTE
    ../clib/armsys.c                         0x00000000   Number         0  argv_veneer.o ABSOLUTE
    ../clib/heapalloc.c                      0x00000000   Number         0  hrguard.o ABSOLUTE
    ../clib/heapaux.c                        0x00000000   Number         0  heapauxi.o ABSOLUTE
    ../clib/libinit.s                        0x00000000   Number         0  libshutdown.o ABSOLUTE
    ../clib/libinit.s                        0x00000000   Number         0  libshutdown2.o ABSOLUTE
    ../clib/libinit.s                        0x00000000   Number         0  libinit2.o ABSOLUTE
    ../clib/libinit.s                        0x00000000   Number         0  libinit.o ABSOLUTE
    ../clib/memcpset.s                       0x00000000   Number         0  rt_memcpy_w.o ABSOLUTE
    ../clib/signal.c                         0x00000000   Number         0  defsig_other.o ABSOLUTE
    ../clib/signal.c                         0x00000000   Number         0  defsig_segv_inner.o ABSOLUTE
    ../clib/signal.c                         0x00000000   Number         0  defsig_cppl_inner.o ABSOLUTE
    ../clib/signal.c                         0x00000000   Number         0  defsig_pvfn_inner.o ABSOLUTE
    ../clib/signal.c                         0x00000000   Number         0  defsig_stak_inner.o ABSOLUTE
    ../clib/signal.c                         0x00000000   Number         0  defsig_rtred_inner.o ABSOLUTE
    ../clib/signal.c                         0x00000000   Number         0  defsig_fpe_inner.o ABSOLUTE
    ../clib/signal.c                         0x00000000   Number         0  defsig_abrt_inner.o ABSOLUTE
    ../clib/signal.c                         0x00000000   Number         0  defsig_general.o ABSOLUTE
    ../clib/signal.c                         0x00000000   Number         0  __raise.o ABSOLUTE
    ../clib/signal.c                         0x00000000   Number         0  defsig_rtmem_inner.o ABSOLUTE
    ../clib/signal.c                         0x00000000   Number         0  defsig_exit.o ABSOLUTE
    ../clib/signal.c                         0x00000000   Number         0  defsig_rtmem_formal.o ABSOLUTE
    ../clib/signal.c                         0x00000000   Number         0  defsig_rtmem_outer.o ABSOLUTE
    ../clib/signal.s                         0x00000000   Number         0  defsig.o ABSOLUTE
    ../clib/stdlib.c                         0x00000000   Number         0  exit.o ABSOLUTE
    ../fplib/fdiv.s                          0x00000000   Number         0  fdiv.o ABSOLUTE
    ../fplib/fflt.s                          0x00000000   Number         0  fflt_clz.o ABSOLUTE
    ../fplib/fnaninf.s                       0x00000000   Number         0  fnaninf.o ABSOLUTE
    ../fplib/fpinit.s                        0x00000000   Number         0  fpinit.o ABSOLUTE
    ../fplib/fretinf.s                       0x00000000   Number         0  fretinf.o ABSOLUTE
    ../fplib/usenofp.s                       0x00000000   Number         0  usenofp.o ABSOLUTE
    Basic\delay\delay.c                      0x00000000   Number         0  delay.o ABSOLUTE
    Basic\i2c\i2c.c                          0x00000000   Number         0  i2c.o ABSOLUTE
    Basic\sys\sys.c                          0x00000000   Number         0  sys.o ABSOLUTE
    CMSIS\\core_cm3.c                        0x00000000   Number         0  core_cm3.o ABSOLUTE
    CMSIS\core_cm3.c                         0x00000000   Number         0  core_cm3.o ABSOLUTE
    CMSIS\system_stm32f10x.c                 0x00000000   Number         0  system_stm32f10x.o ABSOLUTE
    Hardware\HCSR\hcsr.c                     0x00000000   Number         0  hcsr.o ABSOLUTE
    Hardware\Motor\motr.c                    0x00000000   Number         0  motr.o ABSOLUTE
    Hardware\OLED\oled.c                     0x00000000   Number         0  oled.o ABSOLUTE
    Hardware\RECEIVE\receive_port.c          0x00000000   Number         0  receive_port.o ABSOLUTE
    Hardware\ooled\ooled.c                   0x00000000   Number         0  ooled.o ABSOLUTE
    Lib\src\misc.c                           0x00000000   Number         0  misc.o ABSOLUTE
    Lib\src\stm32f10x_adc.c                  0x00000000   Number         0  stm32f10x_adc.o ABSOLUTE
    Lib\src\stm32f10x_bkp.c                  0x00000000   Number         0  stm32f10x_bkp.o ABSOLUTE
    Lib\src\stm32f10x_dma.c                  0x00000000   Number         0  stm32f10x_dma.o ABSOLUTE
    Lib\src\stm32f10x_flash.c                0x00000000   Number         0  stm32f10x_flash.o ABSOLUTE
    Lib\src\stm32f10x_gpio.c                 0x00000000   Number         0  stm32f10x_gpio.o ABSOLUTE
    Lib\src\stm32f10x_i2c.c                  0x00000000   Number         0  stm32f10x_i2c.o ABSOLUTE
    Lib\src\stm32f10x_pwr.c                  0x00000000   Number         0  stm32f10x_pwr.o ABSOLUTE
    Lib\src\stm32f10x_rcc.c                  0x00000000   Number         0  stm32f10x_rcc.o ABSOLUTE
    Lib\src\stm32f10x_rtc.c                  0x00000000   Number         0  stm32f10x_rtc.o ABSOLUTE
    Lib\src\stm32f10x_tim.c                  0x00000000   Number         0  stm32f10x_tim.o ABSOLUTE
    Lib\src\stm32f10x_usart.c                0x00000000   Number         0  stm32f10x_usart.o ABSOLUTE
    Startup\startup_stm32f10x_md.s           0x00000000   Number         0  startup_stm32f10x_md.o ABSOLUTE
    User\main.c                              0x00000000   Number         0  main.o ABSOLUTE
    User\stm32f10x_it.c                      0x00000000   Number         0  stm32f10x_it.o ABSOLUTE
    dc.s                                     0x00000000   Number         0  dc.o ABSOLUTE
    RESET                                    0x08000000   Section      236  startup_stm32f10x_md.o(RESET)
    !!!main                                  0x080000ec   Section        8  __main.o(!!!main)
    !!!scatter                               0x080000f4   Section       52  __scatter.o(!!!scatter)
    !!handler_copy                           0x08000128   Section       26  __scatter_copy.o(!!handler_copy)
    !!handler_zi                             0x08000144   Section       28  __scatter_zi.o(!!handler_zi)
    .ARM.Collect$$libinit$$00000000          0x08000160   Section        2  libinit.o(.ARM.Collect$$libinit$$00000000)
    .ARM.Collect$$libinit$$00000002          0x08000162   Section        0  libinit2.o(.ARM.Collect$$libinit$$00000002)
    .ARM.Collect$$libinit$$00000004          0x08000162   Section        0  libinit2.o(.ARM.Collect$$libinit$$00000004)
    .ARM.Collect$$libinit$$0000000A          0x08000162   Section        0  libinit2.o(.ARM.Collect$$libinit$$0000000A)
    .ARM.Collect$$libinit$$0000000C          0x08000162   Section        0  libinit2.o(.ARM.Collect$$libinit$$0000000C)
    .ARM.Collect$$libinit$$0000000E          0x08000162   Section        0  libinit2.o(.ARM.Collect$$libinit$$0000000E)
    .ARM.Collect$$libinit$$00000011          0x08000162   Section        0  libinit2.o(.ARM.Collect$$libinit$$00000011)
    .ARM.Collect$$libinit$$00000013          0x08000162   Section        0  libinit2.o(.ARM.Collect$$libinit$$00000013)
    .ARM.Collect$$libinit$$00000015          0x08000162   Section        0  libinit2.o(.ARM.Collect$$libinit$$00000015)
    .ARM.Collect$$libinit$$00000017          0x08000162   Section        0  libinit2.o(.ARM.Collect$$libinit$$00000017)
    .ARM.Collect$$libinit$$00000019          0x08000162   Section        0  libinit2.o(.ARM.Collect$$libinit$$00000019)
    .ARM.Collect$$libinit$$0000001B          0x08000162   Section        0  libinit2.o(.ARM.Collect$$libinit$$0000001B)
    .ARM.Collect$$libinit$$0000001D          0x08000162   Section        0  libinit2.o(.ARM.Collect$$libinit$$0000001D)
    .ARM.Collect$$libinit$$0000001F          0x08000162   Section        0  libinit2.o(.ARM.Collect$$libinit$$0000001F)
    .ARM.Collect$$libinit$$00000021          0x08000162   Section        0  libinit2.o(.ARM.Collect$$libinit$$00000021)
    .ARM.Collect$$libinit$$00000023          0x08000162   Section        0  libinit2.o(.ARM.Collect$$libinit$$00000023)
    .ARM.Collect$$libinit$$00000025          0x08000162   Section        0  libinit2.o(.ARM.Collect$$libinit$$00000025)
    .ARM.Collect$$libinit$$0000002C          0x08000162   Section        0  libinit2.o(.ARM.Collect$$libinit$$0000002C)
    .ARM.Collect$$libinit$$0000002E          0x08000162   Section        0  libinit2.o(.ARM.Collect$$libinit$$0000002E)
    .ARM.Collect$$libinit$$00000030          0x08000162   Section        0  libinit2.o(.ARM.Collect$$libinit$$00000030)
    .ARM.Collect$$libinit$$00000032          0x08000162   Section        0  libinit2.o(.ARM.Collect$$libinit$$00000032)
    .ARM.Collect$$libinit$$00000033          0x08000162   Section        2  libinit2.o(.ARM.Collect$$libinit$$00000033)
    .ARM.Collect$$libshutdown$$00000000      0x08000164   Section        2  libshutdown.o(.ARM.Collect$$libshutdown$$00000000)
    .ARM.Collect$$libshutdown$$00000002      0x08000166   Section        0  libshutdown2.o(.ARM.Collect$$libshutdown$$00000002)
    .ARM.Collect$$libshutdown$$00000004      0x08000166   Section        0  libshutdown2.o(.ARM.Collect$$libshutdown$$00000004)
    .ARM.Collect$$libshutdown$$00000007      0x08000166   Section        0  libshutdown2.o(.ARM.Collect$$libshutdown$$00000007)
    .ARM.Collect$$libshutdown$$0000000A      0x08000166   Section        0  libshutdown2.o(.ARM.Collect$$libshutdown$$0000000A)
    .ARM.Collect$$libshutdown$$0000000C      0x08000166   Section        0  libshutdown2.o(.ARM.Collect$$libshutdown$$0000000C)
    .ARM.Collect$$libshutdown$$0000000F      0x08000166   Section        0  libshutdown2.o(.ARM.Collect$$libshutdown$$0000000F)
    .ARM.Collect$$libshutdown$$00000010      0x08000166   Section        2  libshutdown2.o(.ARM.Collect$$libshutdown$$00000010)
    .ARM.Collect$$rtentry$$00000000          0x08000168   Section        0  __rtentry.o(.ARM.Collect$$rtentry$$00000000)
    .ARM.Collect$$rtentry$$00000002          0x08000168   Section        0  __rtentry2.o(.ARM.Collect$$rtentry$$00000002)
    .ARM.Collect$$rtentry$$00000004          0x08000168   Section        6  __rtentry4.o(.ARM.Collect$$rtentry$$00000004)
    .ARM.Collect$$rtentry$$00000009          0x0800016e   Section        0  __rtentry2.o(.ARM.Collect$$rtentry$$00000009)
    .ARM.Collect$$rtentry$$0000000A          0x0800016e   Section        4  __rtentry2.o(.ARM.Collect$$rtentry$$0000000A)
    .ARM.Collect$$rtentry$$0000000C          0x08000172   Section        0  __rtentry2.o(.ARM.Collect$$rtentry$$0000000C)
    .ARM.Collect$$rtentry$$0000000D          0x08000172   Section        8  __rtentry2.o(.ARM.Collect$$rtentry$$0000000D)
    .ARM.Collect$$rtexit$$00000000           0x0800017a   Section        2  rtexit.o(.ARM.Collect$$rtexit$$00000000)
    .ARM.Collect$$rtexit$$00000002           0x0800017c   Section        0  rtexit2.o(.ARM.Collect$$rtexit$$00000002)
    .ARM.Collect$$rtexit$$00000003           0x0800017c   Section        4  rtexit2.o(.ARM.Collect$$rtexit$$00000003)
    .ARM.Collect$$rtexit$$00000004           0x08000180   Section        6  rtexit2.o(.ARM.Collect$$rtexit$$00000004)
    .text                                    0x08000188   Section        0  system_stm32f10x.o(.text)
    SetSysClockTo72                          0x08000189   Thumb Code   214  system_stm32f10x.o(.text)
    SetSysClock                              0x0800025f   Thumb Code     8  system_stm32f10x.o(.text)
    .text                                    0x08000368   Section        0  misc.o(.text)
    .text                                    0x08000444   Section        0  stm32f10x_gpio.o(.text)
    .text                                    0x080007a0   Section        0  stm32f10x_rcc.o(.text)
    .text                                    0x08000b44   Section        0  stm32f10x_usart.o(.text)
    .text                                    0x08000f4c   Section        0  stm32f10x_flash.o(.text)
    .text                                    0x08001508   Section        0  stm32f10x_tim.o(.text)
    TI4_Config                               0x080019af   Thumb Code   130  stm32f10x_tim.o(.text)
    TI3_Config                               0x08001a43   Thumb Code   122  stm32f10x_tim.o(.text)
    TI2_Config                               0x08001ad7   Thumb Code   130  stm32f10x_tim.o(.text)
    TI1_Config                               0x08001b6b   Thumb Code   108  stm32f10x_tim.o(.text)
    .text                                    0x08002324   Section       64  startup_stm32f10x_md.o(.text)
    .text                                    0x08002364   Section        0  main.o(.text)
    .text                                    0x08002488   Section        0  stm32f10x_it.o(.text)
    .text                                    0x080024a2   Section        0  delay.o(.text)
    .text                                    0x08002504   Section        0  sys.o(.text)
    .text                                    0x08002580   Section        0  hcsr.o(.text)
    .text                                    0x080026bc   Section        0  motr.o(.text)
    .text                                    0x080028f0   Section        0  receive_port.o(.text)
    .text                                    0x08002df0   Section        0  ooled.o(.text)
    .text                                    0x0800325c   Section        0  heapauxi.o(.text)
    .text                                    0x08003262   Section       74  sys_stackheap_outer.o(.text)
    .text                                    0x080032ac   Section        0  exit.o(.text)
    .text                                    0x080032c0   Section        8  libspace.o(.text)
    .text                                    0x080032c8   Section        0  sys_exit.o(.text)
    .text                                    0x080032d4   Section        2  use_no_semi.o(.text)
    .text                                    0x080032d6   Section        0  indicate_semi.o(.text)
    x$fpl$fdiv                               0x080032d8   Section      388  fdiv.o(x$fpl$fdiv)
    _fdiv1                                   0x080032d9   Thumb Code     0  fdiv.o(x$fpl$fdiv)
    x$fpl$fflt                               0x0800345c   Section       48  fflt_clz.o(x$fpl$fflt)
    x$fpl$fnaninf                            0x0800348c   Section      140  fnaninf.o(x$fpl$fnaninf)
    x$fpl$fretinf                            0x08003518   Section       10  fretinf.o(x$fpl$fretinf)
    .constdata                               0x08003522   Section     1520  ooled.o(.constdata)
    x$fpl$usenofp                            0x08003522   Section        0  usenofp.o(x$fpl$usenofp)
    .data                                    0x20000000   Section       20  system_stm32f10x.o(.data)
    .data                                    0x20000014   Section       20  stm32f10x_rcc.o(.data)
    APBAHBPrescTable                         0x20000014   Data          16  stm32f10x_rcc.o(.data)
    ADCPrescTable                            0x20000024   Data           4  stm32f10x_rcc.o(.data)
    .data                                    0x20000028   Section       12  hcsr.o(.data)
    .data                                    0x20000034   Section        2  motr.o(.data)
    .data                                    0x20000036   Section       23  receive_port.o(.data)
    RxCounter1                               0x20000044   Data           1  receive_port.o(.data)
    RxState                                  0x20000045   Data           1  receive_port.o(.data)
    RxFlag1                                  0x20000046   Data           1  receive_port.o(.data)
    RxCounter1                               0x20000047   Data           1  receive_port.o(.data)
    RxState                                  0x20000048   Data           1  receive_port.o(.data)
    RxFlag1                                  0x20000049   Data           1  receive_port.o(.data)
    RxCounter1                               0x2000004a   Data           1  receive_port.o(.data)
    RxState                                  0x2000004b   Data           1  receive_port.o(.data)
    RxFlag1                                  0x2000004c   Data           1  receive_port.o(.data)
    .data                                    0x2000004d   Section      128  ooled.o(.data)
    .bss                                     0x200000d0   Section       60  receive_port.o(.bss)
    RxBuffer1                                0x200000d0   Data          20  receive_port.o(.bss)
    RxBuffer1                                0x200000e4   Data          20  receive_port.o(.bss)
    RxBuffer1                                0x200000f8   Data          20  receive_port.o(.bss)
    .bss                                     0x2000010c   Section       96  libspace.o(.bss)
    HEAP                                     0x20000170   Section      512  startup_stm32f10x_md.o(HEAP)
    Heap_Mem                                 0x20000170   Data         512  startup_stm32f10x_md.o(HEAP)
    STACK                                    0x20000370   Section     1024  startup_stm32f10x_md.o(STACK)
    Stack_Mem                                0x20000370   Data        1024  startup_stm32f10x_md.o(STACK)
    __initial_sp                             0x20000770   Data           0  startup_stm32f10x_md.o(STACK)

    Global Symbols

    Symbol Name                              Value     Ov Type        Size  Object(Section)

    BuildAttributes$$THM_ISAv4$P$D$K$B$S$PE$A:L22UL41UL21$X:L11$S22US41US21$IEEE1$IW$USESV6$~STKCKD$USESV7$~SHL$OSPACE$ROPI$EBA8$UX$STANDARDLIB$REQ8$PRES8$EABIv2 0x00000000   Number         0  anon$$obj.o ABSOLUTE
    __ARM_use_no_argv                        0x00000000   Number         0  main.o ABSOLUTE
    __ARM_exceptions_init                     - Undefined Weak Reference
    __alloca_initialize                       - Undefined Weak Reference
    __arm_preinit_                            - Undefined Weak Reference
    __cpp_initialize__aeabi_                  - Undefined Weak Reference
    __cxa_finalize                            - Undefined Weak Reference
    __rt_locale                               - Undefined Weak Reference
    __sigvec_lookup                           - Undefined Weak Reference
    _atexit_init                              - Undefined Weak Reference
    _call_atexit_fns                          - Undefined Weak Reference
    _clock_init                               - Undefined Weak Reference
    _fp_trap_init                             - Undefined Weak Reference
    _fp_trap_shutdown                         - Undefined Weak Reference
    _get_lc_collate                           - Undefined Weak Reference
    _get_lc_ctype                             - Undefined Weak Reference
    _get_lc_monetary                          - Undefined Weak Reference
    _get_lc_numeric                           - Undefined Weak Reference
    _get_lc_time                              - Undefined Weak Reference
    _getenv_init                              - Undefined Weak Reference
    _handle_redirection                       - Undefined Weak Reference
    _init_alloc                               - Undefined Weak Reference
    _init_user_alloc                          - Undefined Weak Reference
    _initio                                   - Undefined Weak Reference
    _rand_init                                - Undefined Weak Reference
    _signal_finish                            - Undefined Weak Reference
    _signal_init                              - Undefined Weak Reference
    _terminate_alloc                          - Undefined Weak Reference
    _terminate_user_alloc                     - Undefined Weak Reference
    _terminateio                              - Undefined Weak Reference
    __Vectors_Size                           0x000000ec   Number         0  startup_stm32f10x_md.o ABSOLUTE
    __Vectors                                0x08000000   Data           4  startup_stm32f10x_md.o(RESET)
    __Vectors_End                            0x080000ec   Data           0  startup_stm32f10x_md.o(RESET)
    __main                                   0x080000ed   Thumb Code     8  __main.o(!!!main)
    __scatterload                            0x080000f5   Thumb Code     0  __scatter.o(!!!scatter)
    __scatterload_rt2                        0x080000f5   Thumb Code    44  __scatter.o(!!!scatter)
    __scatterload_rt2_thumb_only             0x080000f5   Thumb Code     0  __scatter.o(!!!scatter)
    __scatterload_null                       0x08000103   Thumb Code     0  __scatter.o(!!!scatter)
    __scatterload_copy                       0x08000129   Thumb Code    26  __scatter_copy.o(!!handler_copy)
    __scatterload_zeroinit                   0x08000145   Thumb Code    28  __scatter_zi.o(!!handler_zi)
    __rt_lib_init                            0x08000161   Thumb Code     0  libinit.o(.ARM.Collect$$libinit$$00000000)
    __rt_lib_init_alloca_1                   0x08000163   Thumb Code     0  libinit2.o(.ARM.Collect$$libinit$$0000002E)
    __rt_lib_init_argv_1                     0x08000163   Thumb Code     0  libinit2.o(.ARM.Collect$$libinit$$0000002C)
    __rt_lib_init_atexit_1                   0x08000163   Thumb Code     0  libinit2.o(.ARM.Collect$$libinit$$0000001B)
    __rt_lib_init_clock_1                    0x08000163   Thumb Code     0  libinit2.o(.ARM.Collect$$libinit$$00000021)
    __rt_lib_init_cpp_1                      0x08000163   Thumb Code     0  libinit2.o(.ARM.Collect$$libinit$$00000032)
    __rt_lib_init_exceptions_1               0x08000163   Thumb Code     0  libinit2.o(.ARM.Collect$$libinit$$00000030)
    __rt_lib_init_fp_1                       0x08000163   Thumb Code     0  libinit2.o(.ARM.Collect$$libinit$$00000002)
    __rt_lib_init_fp_trap_1                  0x08000163   Thumb Code     0  libinit2.o(.ARM.Collect$$libinit$$0000001F)
    __rt_lib_init_getenv_1                   0x08000163   Thumb Code     0  libinit2.o(.ARM.Collect$$libinit$$00000023)
    __rt_lib_init_heap_1                     0x08000163   Thumb Code     0  libinit2.o(.ARM.Collect$$libinit$$0000000A)
    __rt_lib_init_lc_collate_1               0x08000163   Thumb Code     0  libinit2.o(.ARM.Collect$$libinit$$00000011)
    __rt_lib_init_lc_ctype_1                 0x08000163   Thumb Code     0  libinit2.o(.ARM.Collect$$libinit$$00000013)
    __rt_lib_init_lc_monetary_1              0x08000163   Thumb Code     0  libinit2.o(.ARM.Collect$$libinit$$00000015)
    __rt_lib_init_lc_numeric_1               0x08000163   Thumb Code     0  libinit2.o(.ARM.Collect$$libinit$$00000017)
    __rt_lib_init_lc_time_1                  0x08000163   Thumb Code     0  libinit2.o(.ARM.Collect$$libinit$$00000019)
    __rt_lib_init_preinit_1                  0x08000163   Thumb Code     0  libinit2.o(.ARM.Collect$$libinit$$00000004)
    __rt_lib_init_rand_1                     0x08000163   Thumb Code     0  libinit2.o(.ARM.Collect$$libinit$$0000000E)
    __rt_lib_init_return                     0x08000163   Thumb Code     0  libinit2.o(.ARM.Collect$$libinit$$00000033)
    __rt_lib_init_signal_1                   0x08000163   Thumb Code     0  libinit2.o(.ARM.Collect$$libinit$$0000001D)
    __rt_lib_init_stdio_1                    0x08000163   Thumb Code     0  libinit2.o(.ARM.Collect$$libinit$$00000025)
    __rt_lib_init_user_alloc_1               0x08000163   Thumb Code     0  libinit2.o(.ARM.Collect$$libinit$$0000000C)
    __rt_lib_shutdown                        0x08000165   Thumb Code     0  libshutdown.o(.ARM.Collect$$libshutdown$$00000000)
    __rt_lib_shutdown_cpp_1                  0x08000167   Thumb Code     0  libshutdown2.o(.ARM.Collect$$libshutdown$$00000002)
    __rt_lib_shutdown_fp_trap_1              0x08000167   Thumb Code     0  libshutdown2.o(.ARM.Collect$$libshutdown$$00000007)
    __rt_lib_shutdown_heap_1                 0x08000167   Thumb Code     0  libshutdown2.o(.ARM.Collect$$libshutdown$$0000000F)
    __rt_lib_shutdown_return                 0x08000167   Thumb Code     0  libshutdown2.o(.ARM.Collect$$libshutdown$$00000010)
    __rt_lib_shutdown_signal_1               0x08000167   Thumb Code     0  libshutdown2.o(.ARM.Collect$$libshutdown$$0000000A)
    __rt_lib_shutdown_stdio_1                0x08000167   Thumb Code     0  libshutdown2.o(.ARM.Collect$$libshutdown$$00000004)
    __rt_lib_shutdown_user_alloc_1           0x08000167   Thumb Code     0  libshutdown2.o(.ARM.Collect$$libshutdown$$0000000C)
    __rt_entry                               0x08000169   Thumb Code     0  __rtentry.o(.ARM.Collect$$rtentry$$00000000)
    __rt_entry_presh_1                       0x08000169   Thumb Code     0  __rtentry2.o(.ARM.Collect$$rtentry$$00000002)
    __rt_entry_sh                            0x08000169   Thumb Code     0  __rtentry4.o(.ARM.Collect$$rtentry$$00000004)
    __rt_entry_li                            0x0800016f   Thumb Code     0  __rtentry2.o(.ARM.Collect$$rtentry$$0000000A)
    __rt_entry_postsh_1                      0x0800016f   Thumb Code     0  __rtentry2.o(.ARM.Collect$$rtentry$$00000009)
    __rt_entry_main                          0x08000173   Thumb Code     0  __rtentry2.o(.ARM.Collect$$rtentry$$0000000D)
    __rt_entry_postli_1                      0x08000173   Thumb Code     0  __rtentry2.o(.ARM.Collect$$rtentry$$0000000C)
    __rt_exit                                0x0800017b   Thumb Code     0  rtexit.o(.ARM.Collect$$rtexit$$00000000)
    __rt_exit_ls                             0x0800017d   Thumb Code     0  rtexit2.o(.ARM.Collect$$rtexit$$00000003)
    __rt_exit_prels_1                        0x0800017d   Thumb Code     0  rtexit2.o(.ARM.Collect$$rtexit$$00000002)
    __rt_exit_exit                           0x08000181   Thumb Code     0  rtexit2.o(.ARM.Collect$$rtexit$$00000004)
    SystemInit                               0x08000267   Thumb Code    78  system_stm32f10x.o(.text)
    SystemCoreClockUpdate                    0x080002b5   Thumb Code   142  system_stm32f10x.o(.text)
    NVIC_PriorityGroupConfig                 0x08000369   Thumb Code    10  misc.o(.text)
    NVIC_Init                                0x08000373   Thumb Code   100  misc.o(.text)
    NVIC_SetVectorTable                      0x080003d7   Thumb Code    14  misc.o(.text)
    NVIC_SystemLPConfig                      0x080003e5   Thumb Code    34  misc.o(.text)
    SysTick_CLKSourceConfig                  0x08000407   Thumb Code    40  misc.o(.text)
    GPIO_DeInit                              0x08000445   Thumb Code   172  stm32f10x_gpio.o(.text)
    GPIO_AFIODeInit                          0x080004f1   Thumb Code    20  stm32f10x_gpio.o(.text)
    GPIO_Init                                0x08000505   Thumb Code   278  stm32f10x_gpio.o(.text)
    GPIO_StructInit                          0x0800061b   Thumb Code    16  stm32f10x_gpio.o(.text)
    GPIO_ReadInputDataBit                    0x0800062b   Thumb Code    18  stm32f10x_gpio.o(.text)
    GPIO_ReadInputData                       0x0800063d   Thumb Code     8  stm32f10x_gpio.o(.text)
    GPIO_ReadOutputDataBit                   0x08000645   Thumb Code    18  stm32f10x_gpio.o(.text)
    GPIO_ReadOutputData                      0x08000657   Thumb Code     8  stm32f10x_gpio.o(.text)
    GPIO_SetBits                             0x0800065f   Thumb Code     4  stm32f10x_gpio.o(.text)
    GPIO_ResetBits                           0x08000663   Thumb Code     4  stm32f10x_gpio.o(.text)
    GPIO_WriteBit                            0x08000667   Thumb Code    10  stm32f10x_gpio.o(.text)
    GPIO_Write                               0x08000671   Thumb Code     4  stm32f10x_gpio.o(.text)
    GPIO_PinLockConfig                       0x08000675   Thumb Code    18  stm32f10x_gpio.o(.text)
    GPIO_EventOutputConfig                   0x08000687   Thumb Code    26  stm32f10x_gpio.o(.text)
    GPIO_EventOutputCmd                      0x080006a1   Thumb Code     6  stm32f10x_gpio.o(.text)
    GPIO_PinRemapConfig                      0x080006a7   Thumb Code   138  stm32f10x_gpio.o(.text)
    GPIO_EXTILineConfig                      0x08000731   Thumb Code    66  stm32f10x_gpio.o(.text)
    GPIO_ETH_MediaInterfaceConfig            0x08000773   Thumb Code     8  stm32f10x_gpio.o(.text)
    RCC_DeInit                               0x080007a1   Thumb Code    64  stm32f10x_rcc.o(.text)
    RCC_HSEConfig                            0x080007e1   Thumb Code    70  stm32f10x_rcc.o(.text)
    RCC_GetFlagStatus                        0x08000827   Thumb Code    56  stm32f10x_rcc.o(.text)
    RCC_WaitForHSEStartUp                    0x0800085f   Thumb Code    56  stm32f10x_rcc.o(.text)
    RCC_AdjustHSICalibrationValue            0x08000897   Thumb Code    20  stm32f10x_rcc.o(.text)
    RCC_HSICmd                               0x080008ab   Thumb Code     6  stm32f10x_rcc.o(.text)
    RCC_PLLConfig                            0x080008b1   Thumb Code    24  stm32f10x_rcc.o(.text)
    RCC_PLLCmd                               0x080008c9   Thumb Code     6  stm32f10x_rcc.o(.text)
    RCC_SYSCLKConfig                         0x080008cf   Thumb Code    18  stm32f10x_rcc.o(.text)
    RCC_GetSYSCLKSource                      0x080008e1   Thumb Code    10  stm32f10x_rcc.o(.text)
    RCC_HCLKConfig                           0x080008eb   Thumb Code    18  stm32f10x_rcc.o(.text)
    RCC_PCLK1Config                          0x080008fd   Thumb Code    18  stm32f10x_rcc.o(.text)
    RCC_PCLK2Config                          0x0800090f   Thumb Code    20  stm32f10x_rcc.o(.text)
    RCC_ITConfig                             0x08000923   Thumb Code    26  stm32f10x_rcc.o(.text)
    RCC_USBCLKConfig                         0x0800093d   Thumb Code     8  stm32f10x_rcc.o(.text)
    RCC_ADCCLKConfig                         0x08000945   Thumb Code    18  stm32f10x_rcc.o(.text)
    RCC_LSEConfig                            0x08000957   Thumb Code    50  stm32f10x_rcc.o(.text)
    RCC_LSICmd                               0x08000989   Thumb Code     6  stm32f10x_rcc.o(.text)
    RCC_RTCCLKConfig                         0x0800098f   Thumb Code    12  stm32f10x_rcc.o(.text)
    RCC_RTCCLKCmd                            0x0800099b   Thumb Code     8  stm32f10x_rcc.o(.text)
    RCC_GetClocksFreq                        0x080009a3   Thumb Code   192  stm32f10x_rcc.o(.text)
    RCC_AHBPeriphClockCmd                    0x08000a63   Thumb Code    26  stm32f10x_rcc.o(.text)
    RCC_APB2PeriphClockCmd                   0x08000a7d   Thumb Code    26  stm32f10x_rcc.o(.text)
    RCC_APB1PeriphClockCmd                   0x08000a97   Thumb Code    26  stm32f10x_rcc.o(.text)
    RCC_APB2PeriphResetCmd                   0x08000ab1   Thumb Code    26  stm32f10x_rcc.o(.text)
    RCC_APB1PeriphResetCmd                   0x08000acb   Thumb Code    26  stm32f10x_rcc.o(.text)
    RCC_BackupResetCmd                       0x08000ae5   Thumb Code     8  stm32f10x_rcc.o(.text)
    RCC_ClockSecuritySystemCmd               0x08000aed   Thumb Code     6  stm32f10x_rcc.o(.text)
    RCC_MCOConfig                            0x08000af3   Thumb Code     6  stm32f10x_rcc.o(.text)
    RCC_ClearFlag                            0x08000af9   Thumb Code    14  stm32f10x_rcc.o(.text)
    RCC_GetITStatus                          0x08000b07   Thumb Code    20  stm32f10x_rcc.o(.text)
    RCC_ClearITPendingBit                    0x08000b1b   Thumb Code     6  stm32f10x_rcc.o(.text)
    USART_DeInit                             0x08000b45   Thumb Code   134  stm32f10x_usart.o(.text)
    USART_Init                               0x08000bcb   Thumb Code   210  stm32f10x_usart.o(.text)
    USART_StructInit                         0x08000c9d   Thumb Code    24  stm32f10x_usart.o(.text)
    USART_ClockInit                          0x08000cb5   Thumb Code    34  stm32f10x_usart.o(.text)
    USART_ClockStructInit                    0x08000cd7   Thumb Code    12  stm32f10x_usart.o(.text)
    USART_Cmd                                0x08000ce3   Thumb Code    24  stm32f10x_usart.o(.text)
    USART_ITConfig                           0x08000cfb   Thumb Code    74  stm32f10x_usart.o(.text)
    USART_DMACmd                             0x08000d45   Thumb Code    18  stm32f10x_usart.o(.text)
    USART_SetAddress                         0x08000d57   Thumb Code    18  stm32f10x_usart.o(.text)
    USART_WakeUpConfig                       0x08000d69   Thumb Code    18  stm32f10x_usart.o(.text)
    USART_ReceiverWakeUpCmd                  0x08000d7b   Thumb Code    24  stm32f10x_usart.o(.text)
    USART_LINBreakDetectLengthConfig         0x08000d93   Thumb Code    18  stm32f10x_usart.o(.text)
    USART_LINCmd                             0x08000da5   Thumb Code    24  stm32f10x_usart.o(.text)
    USART_SendData                           0x08000dbd   Thumb Code     8  stm32f10x_usart.o(.text)
    USART_ReceiveData                        0x08000dc5   Thumb Code    10  stm32f10x_usart.o(.text)
    USART_SendBreak                          0x08000dcf   Thumb Code    10  stm32f10x_usart.o(.text)
    USART_SetGuardTime                       0x08000dd9   Thumb Code    16  stm32f10x_usart.o(.text)
    USART_SetPrescaler                       0x08000de9   Thumb Code    16  stm32f10x_usart.o(.text)
    USART_SmartCardCmd                       0x08000df9   Thumb Code    24  stm32f10x_usart.o(.text)
    USART_SmartCardNACKCmd                   0x08000e11   Thumb Code    24  stm32f10x_usart.o(.text)
    USART_HalfDuplexCmd                      0x08000e29   Thumb Code    24  stm32f10x_usart.o(.text)
    USART_OverSampling8Cmd                   0x08000e41   Thumb Code    22  stm32f10x_usart.o(.text)
    USART_OneBitMethodCmd                    0x08000e57   Thumb Code    24  stm32f10x_usart.o(.text)
    USART_IrDAConfig                         0x08000e6f   Thumb Code    18  stm32f10x_usart.o(.text)
    USART_IrDACmd                            0x08000e81   Thumb Code    24  stm32f10x_usart.o(.text)
    USART_GetFlagStatus                      0x08000e99   Thumb Code    26  stm32f10x_usart.o(.text)
    USART_ClearFlag                          0x08000eb3   Thumb Code    18  stm32f10x_usart.o(.text)
    USART_GetITStatus                        0x08000ec5   Thumb Code    84  stm32f10x_usart.o(.text)
    USART_ClearITPendingBit                  0x08000f19   Thumb Code    52  stm32f10x_usart.o(.text)
    FLASH_SetLatency                         0x08000f4d   Thumb Code    18  stm32f10x_flash.o(.text)
    FLASH_HalfCycleAccessCmd                 0x08000f5f   Thumb Code    22  stm32f10x_flash.o(.text)
    FLASH_PrefetchBufferCmd                  0x08000f75   Thumb Code    22  stm32f10x_flash.o(.text)
    FLASH_Unlock                             0x08000f8b   Thumb Code    12  stm32f10x_flash.o(.text)
    FLASH_UnlockBank1                        0x08000f97   Thumb Code    12  stm32f10x_flash.o(.text)
    FLASH_Lock                               0x08000fa3   Thumb Code    14  stm32f10x_flash.o(.text)
    FLASH_LockBank1                          0x08000fb1   Thumb Code    14  stm32f10x_flash.o(.text)
    FLASH_GetBank1Status                     0x08000fbf   Thumb Code    48  stm32f10x_flash.o(.text)
    FLASH_WaitForLastOperation               0x08000fef   Thumb Code    38  stm32f10x_flash.o(.text)
    FLASH_ErasePage                          0x08001015   Thumb Code    72  stm32f10x_flash.o(.text)
    FLASH_EraseAllPages                      0x0800105d   Thumb Code    68  stm32f10x_flash.o(.text)
    FLASH_WaitForLastBank1Operation          0x080010a1   Thumb Code    38  stm32f10x_flash.o(.text)
    FLASH_EraseAllBank1Pages                 0x080010c7   Thumb Code    68  stm32f10x_flash.o(.text)
    FLASH_GetReadOutProtectionStatus         0x0800110b   Thumb Code    20  stm32f10x_flash.o(.text)
    FLASH_EraseOptionBytes                   0x0800111f   Thumb Code   150  stm32f10x_flash.o(.text)
    FLASH_ProgramWord                        0x080011b5   Thumb Code   102  stm32f10x_flash.o(.text)
    FLASH_ProgramHalfWord                    0x0800121b   Thumb Code    60  stm32f10x_flash.o(.text)
    FLASH_ProgramOptionByteData              0x08001257   Thumb Code    72  stm32f10x_flash.o(.text)
    FLASH_EnableWriteProtection              0x0800129f   Thumb Code   200  stm32f10x_flash.o(.text)
    FLASH_ReadOutProtection                  0x08001367   Thumb Code   156  stm32f10x_flash.o(.text)
    FLASH_UserOptionByteConfig               0x08001403   Thumb Code    88  stm32f10x_flash.o(.text)
    FLASH_GetUserOptionByte                  0x0800145b   Thumb Code     8  stm32f10x_flash.o(.text)
    FLASH_GetWriteProtectionOptionByte       0x08001463   Thumb Code     6  stm32f10x_flash.o(.text)
    FLASH_GetPrefetchBufferStatus            0x08001469   Thumb Code    20  stm32f10x_flash.o(.text)
    FLASH_ITConfig                           0x0800147d   Thumb Code    26  stm32f10x_flash.o(.text)
    FLASH_GetFlagStatus                      0x08001497   Thumb Code    42  stm32f10x_flash.o(.text)
    FLASH_ClearFlag                          0x080014c1   Thumb Code     6  stm32f10x_flash.o(.text)
    FLASH_GetStatus                          0x080014c7   Thumb Code    48  stm32f10x_flash.o(.text)
    TIM_DeInit                               0x08001509   Thumb Code   424  stm32f10x_tim.o(.text)
    TIM_TimeBaseInit                         0x080016b1   Thumb Code   122  stm32f10x_tim.o(.text)
    TIM_OC1Init                              0x0800172b   Thumb Code   132  stm32f10x_tim.o(.text)
    TIM_OC2Init                              0x080017af   Thumb Code   154  stm32f10x_tim.o(.text)
    TIM_OC3Init                              0x08001849   Thumb Code   150  stm32f10x_tim.o(.text)
    TIM_OC4Init                              0x080018df   Thumb Code   182  stm32f10x_tim.o(.text)
    TIM_SetIC4Prescaler                      0x08001995   Thumb Code    26  stm32f10x_tim.o(.text)
    TIM_SetIC3Prescaler                      0x08001a31   Thumb Code    18  stm32f10x_tim.o(.text)
    TIM_SetIC2Prescaler                      0x08001abd   Thumb Code    26  stm32f10x_tim.o(.text)
    TIM_SetIC1Prescaler                      0x08001b59   Thumb Code    18  stm32f10x_tim.o(.text)
    TIM_ICInit                               0x08001bd7   Thumb Code   150  stm32f10x_tim.o(.text)
    TIM_PWMIConfig                           0x08001c6d   Thumb Code   124  stm32f10x_tim.o(.text)
    TIM_BDTRConfig                           0x08001ce9   Thumb Code    32  stm32f10x_tim.o(.text)
    TIM_TimeBaseStructInit                   0x08001d09   Thumb Code    18  stm32f10x_tim.o(.text)
    TIM_OCStructInit                         0x08001d1b   Thumb Code    20  stm32f10x_tim.o(.text)
    TIM_ICStructInit                         0x08001d2f   Thumb Code    18  stm32f10x_tim.o(.text)
    TIM_BDTRStructInit                       0x08001d41   Thumb Code    40  stm32f10x_tim.o(.text)
    TIM_Cmd                                  0x08001d69   Thumb Code    24  stm32f10x_tim.o(.text)
    TIM_CtrlPWMOutputs                       0x08001d81   Thumb Code    30  stm32f10x_tim.o(.text)
    TIM_ITConfig                             0x08001d9f   Thumb Code    18  stm32f10x_tim.o(.text)
    TIM_GenerateEvent                        0x08001db1   Thumb Code     4  stm32f10x_tim.o(.text)
    TIM_DMAConfig                            0x08001db5   Thumb Code    10  stm32f10x_tim.o(.text)
    TIM_DMACmd                               0x08001dbf   Thumb Code    18  stm32f10x_tim.o(.text)
    TIM_InternalClockConfig                  0x08001dd1   Thumb Code    12  stm32f10x_tim.o(.text)
    TIM_SelectInputTrigger                   0x08001ddd   Thumb Code    18  stm32f10x_tim.o(.text)
    TIM_ITRxExternalClockConfig              0x08001def   Thumb Code    24  stm32f10x_tim.o(.text)
    TIM_TIxExternalClockConfig               0x08001e07   Thumb Code    62  stm32f10x_tim.o(.text)
    TIM_ETRConfig                            0x08001e45   Thumb Code    28  stm32f10x_tim.o(.text)
    TIM_ETRClockMode1Config                  0x08001e61   Thumb Code    54  stm32f10x_tim.o(.text)
    TIM_ETRClockMode2Config                  0x08001e97   Thumb Code    32  stm32f10x_tim.o(.text)
    TIM_PrescalerConfig                      0x08001eb7   Thumb Code     6  stm32f10x_tim.o(.text)
    TIM_CounterModeConfig                    0x08001ebd   Thumb Code    18  stm32f10x_tim.o(.text)
    TIM_EncoderInterfaceConfig               0x08001ecf   Thumb Code    66  stm32f10x_tim.o(.text)
    TIM_ForcedOC1Config                      0x08001f11   Thumb Code    18  stm32f10x_tim.o(.text)
    TIM_ForcedOC2Config                      0x08001f23   Thumb Code    26  stm32f10x_tim.o(.text)
    TIM_ForcedOC3Config                      0x08001f3d   Thumb Code    18  stm32f10x_tim.o(.text)
    TIM_ForcedOC4Config                      0x08001f4f   Thumb Code    26  stm32f10x_tim.o(.text)
    TIM_ARRPreloadConfig                     0x08001f69   Thumb Code    24  stm32f10x_tim.o(.text)
    TIM_SelectCOM                            0x08001f81   Thumb Code    24  stm32f10x_tim.o(.text)
    TIM_SelectCCDMA                          0x08001f99   Thumb Code    24  stm32f10x_tim.o(.text)
    TIM_CCPreloadControl                     0x08001fb1   Thumb Code    24  stm32f10x_tim.o(.text)
    TIM_OC1PreloadConfig                     0x08001fc9   Thumb Code    18  stm32f10x_tim.o(.text)
    TIM_OC2PreloadConfig                     0x08001fdb   Thumb Code    26  stm32f10x_tim.o(.text)
    TIM_OC3PreloadConfig                     0x08001ff5   Thumb Code    18  stm32f10x_tim.o(.text)
    TIM_OC4PreloadConfig                     0x08002007   Thumb Code    26  stm32f10x_tim.o(.text)
    TIM_OC1FastConfig                        0x08002021   Thumb Code    18  stm32f10x_tim.o(.text)
    TIM_OC2FastConfig                        0x08002033   Thumb Code    26  stm32f10x_tim.o(.text)
    TIM_OC3FastConfig                        0x0800204d   Thumb Code    18  stm32f10x_tim.o(.text)
    TIM_OC4FastConfig                        0x0800205f   Thumb Code    26  stm32f10x_tim.o(.text)
    TIM_ClearOC1Ref                          0x08002079   Thumb Code    18  stm32f10x_tim.o(.text)
    TIM_ClearOC2Ref                          0x0800208b   Thumb Code    24  stm32f10x_tim.o(.text)
    TIM_ClearOC3Ref                          0x080020a3   Thumb Code    18  stm32f10x_tim.o(.text)
    TIM_ClearOC4Ref                          0x080020b5   Thumb Code    24  stm32f10x_tim.o(.text)
    TIM_OC1PolarityConfig                    0x080020cd   Thumb Code    18  stm32f10x_tim.o(.text)
    TIM_OC1NPolarityConfig                   0x080020df   Thumb Code    18  stm32f10x_tim.o(.text)
    TIM_OC2PolarityConfig                    0x080020f1   Thumb Code    26  stm32f10x_tim.o(.text)
    TIM_OC2NPolarityConfig                   0x0800210b   Thumb Code    26  stm32f10x_tim.o(.text)
    TIM_OC3PolarityConfig                    0x08002125   Thumb Code    26  stm32f10x_tim.o(.text)
    TIM_OC3NPolarityConfig                   0x0800213f   Thumb Code    26  stm32f10x_tim.o(.text)
    TIM_OC4PolarityConfig                    0x08002159   Thumb Code    26  stm32f10x_tim.o(.text)
    TIM_CCxCmd                               0x08002173   Thumb Code    30  stm32f10x_tim.o(.text)
    TIM_CCxNCmd                              0x08002191   Thumb Code    30  stm32f10x_tim.o(.text)
    TIM_SelectOCxM                           0x080021af   Thumb Code    82  stm32f10x_tim.o(.text)
    TIM_UpdateDisableConfig                  0x08002201   Thumb Code    24  stm32f10x_tim.o(.text)
    TIM_UpdateRequestConfig                  0x08002219   Thumb Code    24  stm32f10x_tim.o(.text)
    TIM_SelectHallSensor                     0x08002231   Thumb Code    24  stm32f10x_tim.o(.text)
    TIM_SelectOnePulseMode                   0x08002249   Thumb Code    18  stm32f10x_tim.o(.text)
    TIM_SelectOutputTrigger                  0x0800225b   Thumb Code    18  stm32f10x_tim.o(.text)
    TIM_SelectSlaveMode                      0x0800226d   Thumb Code    18  stm32f10x_tim.o(.text)
    TIM_SelectMasterSlaveMode                0x0800227f   Thumb Code    18  stm32f10x_tim.o(.text)
    TIM_SetCounter                           0x08002291   Thumb Code     4  stm32f10x_tim.o(.text)
    TIM_SetAutoreload                        0x08002295   Thumb Code     4  stm32f10x_tim.o(.text)
    TIM_SetCompare1                          0x08002299   Thumb Code     4  stm32f10x_tim.o(.text)
    TIM_SetCompare2                          0x0800229d   Thumb Code     4  stm32f10x_tim.o(.text)
    TIM_SetCompare3                          0x080022a1   Thumb Code     4  stm32f10x_tim.o(.text)
    TIM_SetCompare4                          0x080022a5   Thumb Code     6  stm32f10x_tim.o(.text)
    TIM_SetClockDivision                     0x080022ab   Thumb Code    18  stm32f10x_tim.o(.text)
    TIM_GetCapture1                          0x080022bd   Thumb Code     6  stm32f10x_tim.o(.text)
    TIM_GetCapture2                          0x080022c3   Thumb Code     6  stm32f10x_tim.o(.text)
    TIM_GetCapture3                          0x080022c9   Thumb Code     6  stm32f10x_tim.o(.text)
    TIM_GetCapture4                          0x080022cf   Thumb Code     8  stm32f10x_tim.o(.text)
    TIM_GetCounter                           0x080022d7   Thumb Code     6  stm32f10x_tim.o(.text)
    TIM_GetPrescaler                         0x080022dd   Thumb Code     6  stm32f10x_tim.o(.text)
    TIM_GetFlagStatus                        0x080022e3   Thumb Code    18  stm32f10x_tim.o(.text)
    TIM_ClearFlag                            0x080022f5   Thumb Code     6  stm32f10x_tim.o(.text)
    TIM_GetITStatus                          0x080022fb   Thumb Code    34  stm32f10x_tim.o(.text)
    TIM_ClearITPendingBit                    0x0800231d   Thumb Code     6  stm32f10x_tim.o(.text)
    Reset_Handler                            0x08002325   Thumb Code     8  startup_stm32f10x_md.o(.text)
    ADC1_2_IRQHandler                        0x0800233f   Thumb Code     0  startup_stm32f10x_md.o(.text)
    CAN1_RX1_IRQHandler                      0x0800233f   Thumb Code     0  startup_stm32f10x_md.o(.text)
    CAN1_SCE_IRQHandler                      0x0800233f   Thumb Code     0  startup_stm32f10x_md.o(.text)
    DMA1_Channel1_IRQHandler                 0x0800233f   Thumb Code     0  startup_stm32f10x_md.o(.text)
    DMA1_Channel2_IRQHandler                 0x0800233f   Thumb Code     0  startup_stm32f10x_md.o(.text)
    DMA1_Channel3_IRQHandler                 0x0800233f   Thumb Code     0  startup_stm32f10x_md.o(.text)
    DMA1_Channel4_IRQHandler                 0x0800233f   Thumb Code     0  startup_stm32f10x_md.o(.text)
    DMA1_Channel5_IRQHandler                 0x0800233f   Thumb Code     0  startup_stm32f10x_md.o(.text)
    DMA1_Channel6_IRQHandler                 0x0800233f   Thumb Code     0  startup_stm32f10x_md.o(.text)
    DMA1_Channel7_IRQHandler                 0x0800233f   Thumb Code     0  startup_stm32f10x_md.o(.text)
    EXTI0_IRQHandler                         0x0800233f   Thumb Code     0  startup_stm32f10x_md.o(.text)
    EXTI15_10_IRQHandler                     0x0800233f   Thumb Code     0  startup_stm32f10x_md.o(.text)
    EXTI1_IRQHandler                         0x0800233f   Thumb Code     0  startup_stm32f10x_md.o(.text)
    EXTI2_IRQHandler                         0x0800233f   Thumb Code     0  startup_stm32f10x_md.o(.text)
    EXTI3_IRQHandler                         0x0800233f   Thumb Code     0  startup_stm32f10x_md.o(.text)
    EXTI4_IRQHandler                         0x0800233f   Thumb Code     0  startup_stm32f10x_md.o(.text)
    EXTI9_5_IRQHandler                       0x0800233f   Thumb Code     0  startup_stm32f10x_md.o(.text)
    FLASH_IRQHandler                         0x0800233f   Thumb Code     0  startup_stm32f10x_md.o(.text)
    I2C1_ER_IRQHandler                       0x0800233f   Thumb Code     0  startup_stm32f10x_md.o(.text)
    I2C1_EV_IRQHandler                       0x0800233f   Thumb Code     0  startup_stm32f10x_md.o(.text)
    I2C2_ER_IRQHandler                       0x0800233f   Thumb Code     0  startup_stm32f10x_md.o(.text)
    I2C2_EV_IRQHandler                       0x0800233f   Thumb Code     0  startup_stm32f10x_md.o(.text)
    PVD_IRQHandler                           0x0800233f   Thumb Code     0  startup_stm32f10x_md.o(.text)
    RCC_IRQHandler                           0x0800233f   Thumb Code     0  startup_stm32f10x_md.o(.text)
    RTCAlarm_IRQHandler                      0x0800233f   Thumb Code     0  startup_stm32f10x_md.o(.text)
    RTC_IRQHandler                           0x0800233f   Thumb Code     0  startup_stm32f10x_md.o(.text)
    SPI1_IRQHandler                          0x0800233f   Thumb Code     0  startup_stm32f10x_md.o(.text)
    SPI2_IRQHandler                          0x0800233f   Thumb Code     0  startup_stm32f10x_md.o(.text)
    TAMPER_IRQHandler                        0x0800233f   Thumb Code     0  startup_stm32f10x_md.o(.text)
    TIM1_BRK_IRQHandler                      0x0800233f   Thumb Code     0  startup_stm32f10x_md.o(.text)
    TIM1_CC_IRQHandler                       0x0800233f   Thumb Code     0  startup_stm32f10x_md.o(.text)
    TIM1_TRG_COM_IRQHandler                  0x0800233f   Thumb Code     0  startup_stm32f10x_md.o(.text)
    TIM1_UP_IRQHandler                       0x0800233f   Thumb Code     0  startup_stm32f10x_md.o(.text)
    TIM3_IRQHandler                          0x0800233f   Thumb Code     0  startup_stm32f10x_md.o(.text)
    TIM4_IRQHandler                          0x0800233f   Thumb Code     0  startup_stm32f10x_md.o(.text)
    USART2_IRQHandler                        0x0800233f   Thumb Code     0  startup_stm32f10x_md.o(.text)
    USART3_IRQHandler                        0x0800233f   Thumb Code     0  startup_stm32f10x_md.o(.text)
    USBWakeUp_IRQHandler                     0x0800233f   Thumb Code     0  startup_stm32f10x_md.o(.text)
    USB_HP_CAN1_TX_IRQHandler                0x0800233f   Thumb Code     0  startup_stm32f10x_md.o(.text)
    USB_LP_CAN1_RX0_IRQHandler               0x0800233f   Thumb Code     0  startup_stm32f10x_md.o(.text)
    WWDG_IRQHandler                          0x0800233f   Thumb Code     0  startup_stm32f10x_md.o(.text)
    __user_initial_stackheap                 0x08002341   Thumb Code     0  startup_stm32f10x_md.o(.text)
    main                                     0x08002365   Thumb Code   280  main.o(.text)
    NMI_Handler                              0x08002489   Thumb Code     2  stm32f10x_it.o(.text)
    HardFault_Handler                        0x0800248b   Thumb Code     4  stm32f10x_it.o(.text)
    MemManage_Handler                        0x0800248f   Thumb Code     4  stm32f10x_it.o(.text)
    BusFault_Handler                         0x08002493   Thumb Code     4  stm32f10x_it.o(.text)
    UsageFault_Handler                       0x08002497   Thumb Code     4  stm32f10x_it.o(.text)
    SVC_Handler                              0x0800249b   Thumb Code     2  stm32f10x_it.o(.text)
    DebugMon_Handler                         0x0800249d   Thumb Code     2  stm32f10x_it.o(.text)
    PendSV_Handler                           0x0800249f   Thumb Code     2  stm32f10x_it.o(.text)
    SysTick_Handler                          0x080024a1   Thumb Code     2  stm32f10x_it.o(.text)
    delay_us                                 0x080024a3   Thumb Code    46  delay.o(.text)
    delay_ms                                 0x080024d1   Thumb Code    26  delay.o(.text)
    delay_s                                  0x080024eb   Thumb Code    26  delay.o(.text)
    NVIC_Configuration                       0x08002505   Thumb Code    12  sys.o(.text)
    RCC_Configuration                        0x08002511   Thumb Code   110  sys.o(.text)
    Hcsr_Init                                0x08002581   Thumb Code   158  hcsr.o(.text)
    TIM2_IRQHandler                          0x0800261f   Thumb Code    32  hcsr.o(.text)
    Distance                                 0x0800263f   Thumb Code   104  hcsr.o(.text)
    Wheel_init                               0x080026bd   Thumb Code    40  motr.o(.text)
    Move_on                                  0x080026e5   Thumb Code   106  motr.o(.text)
    Move_left                                0x0800274f   Thumb Code    66  motr.o(.text)
    Move_right                               0x08002791   Thumb Code    66  motr.o(.text)
    TIM3_PWM_Init                            0x080027d3   Thumb Code   130  motr.o(.text)
    TIM4_PWM_Init                            0x08002855   Thumb Code   132  motr.o(.text)
    uart1_Init                               0x080028f1   Thumb Code   146  receive_port.o(.text)
    USART1_IRQHandler                        0x08002983   Thumb Code   382  receive_port.o(.text)
    USART1_IRQHandler_dire                   0x08002b01   Thumb Code   320  receive_port.o(.text)
    USART1_IRQHandler_count                  0x08002c41   Thumb Code   404  receive_port.o(.text)
    OLED_I2C_Init                            0x08002df1   Thumb Code    72  ooled.o(.text)
    OLED_I2C_Start                           0x08002e39   Thumb Code    44  ooled.o(.text)
    OLED_I2C_Stop                            0x08002e65   Thumb Code    34  ooled.o(.text)
    OLED_I2C_SendByte                        0x08002e87   Thumb Code    74  ooled.o(.text)
    OLED_WriteCommand                        0x08002ed1   Thumb Code    32  ooled.o(.text)
    OLED_WriteData                           0x08002ef1   Thumb Code    32  ooled.o(.text)
    OLED_SetCursor                           0x08002f11   Thumb Code    34  ooled.o(.text)
    OLED_Clear                               0x08002f33   Thumb Code    42  ooled.o(.text)
    OLED_ShowChar                            0x08002f5d   Thumb Code   110  ooled.o(.text)
    OLED_ShowString                          0x08002fcb   Thumb Code    40  ooled.o(.text)
    OLED_Pow                                 0x08002ff3   Thumb Code    20  ooled.o(.text)
    OLED_ShowNum                             0x08003007   Thumb Code    68  ooled.o(.text)
    OLED_ShowSignedNum                       0x0800304b   Thumb Code   102  ooled.o(.text)
    OLED_ShowHexNum                          0x080030b1   Thumb Code    84  ooled.o(.text)
    OLED_ShowBinNum                          0x08003105   Thumb Code    62  ooled.o(.text)
    OLED_ShowCHinese                         0x08003143   Thumb Code    94  ooled.o(.text)
    OLED_Init                                0x080031a1   Thumb Code   188  ooled.o(.text)
    __use_two_region_memory                  0x0800325d   Thumb Code     2  heapauxi.o(.text)
    __rt_heap_escrow$2region                 0x0800325f   Thumb Code     2  heapauxi.o(.text)
    __rt_heap_expand$2region                 0x08003261   Thumb Code     2  heapauxi.o(.text)
    __user_setup_stackheap                   0x08003263   Thumb Code    74  sys_stackheap_outer.o(.text)
    exit                                     0x080032ad   Thumb Code    18  exit.o(.text)
    __user_libspace                          0x080032c1   Thumb Code     8  libspace.o(.text)
    __user_perproc_libspace                  0x080032c1   Thumb Code     0  libspace.o(.text)
    __user_perthread_libspace                0x080032c1   Thumb Code     0  libspace.o(.text)
    _sys_exit                                0x080032c9   Thumb Code     8  sys_exit.o(.text)
    __I$use$semihosting                      0x080032d5   Thumb Code     0  use_no_semi.o(.text)
    __use_no_semihosting_swi                 0x080032d5   Thumb Code     2  use_no_semi.o(.text)
    __semihosting_library_function           0x080032d7   Thumb Code     0  indicate_semi.o(.text)
    __aeabi_fdiv                             0x080032d9   Thumb Code     0  fdiv.o(x$fpl$fdiv)
    _fdiv                                    0x080032d9   Thumb Code   384  fdiv.o(x$fpl$fdiv)
    __aeabi_i2f                              0x0800345d   Thumb Code     0  fflt_clz.o(x$fpl$fflt)
    _fflt                                    0x0800345d   Thumb Code    48  fflt_clz.o(x$fpl$fflt)
    __fpl_fnaninf                            0x0800348d   Thumb Code   140  fnaninf.o(x$fpl$fnaninf)
    __fpl_fretinf                            0x08003519   Thumb Code    10  fretinf.o(x$fpl$fretinf)
    OLED_F8x16                               0x08003522   Data        1520  ooled.o(.constdata)
    __I$use$fp                               0x08003522   Number         0  usenofp.o(x$fpl$usenofp)
    Region$$Table$$Base                      0x08003b14   Number         0  anon$$obj.o(Region$$Table)
    Region$$Table$$Limit                     0x08003b34   Number         0  anon$$obj.o(Region$$Table)
    SystemCoreClock                          0x20000000   Data           4  system_stm32f10x.o(.data)
    AHBPrescTable                            0x20000004   Data          16  system_stm32f10x.o(.data)
    N                                        0x20000028   Data           4  hcsr.o(.data)
    distance                                 0x2000002c   Data           4  hcsr.o(.data)
    count                                    0x20000030   Data           4  hcsr.o(.data)
    out0                                     0x20000034   Data           2  motr.o(.data)
    data                                     0x20000036   Data           2  receive_port.o(.data)
    data1                                    0x20000038   Data           2  receive_port.o(.data)
    data2                                    0x2000003a   Data           2  receive_port.o(.data)
    out                                      0x2000003c   Data           2  receive_port.o(.data)
    sig                                      0x2000003e   Data           2  receive_port.o(.data)
    dire                                     0x20000040   Data           2  receive_port.o(.data)
    flag                                     0x20000042   Data           2  receive_port.o(.data)
    Hzk                                      0x2000004d   Data         128  ooled.o(.data)
    __libspace_start                         0x2000010c   Data          96  libspace.o(.bss)
    __temporary_stack_top$libspace           0x2000016c   Data           0  libspace.o(.bss)



==============================================================================

Memory Map of the image

  Image Entry point : 0x080000ed

  Load Region LR_IROM1 (Base: 0x08000000, Size: 0x00003c04, Max: 0x00010000, ABSOLUTE)

    Execution Region ER_IROM1 (Base: 0x08000000, Size: 0x00003b34, Max: 0x00010000, ABSOLUTE)

    Base Addr    Size         Type   Attr      Idx    E Section Name        Object

    0x08000000   0x000000ec   Data   RO          285    RESET               startup_stm32f10x_md.o
    0x080000ec   0x00000008   Code   RO          488  * !!!main             c_w.l(__main.o)
    0x080000f4   0x00000034   Code   RO          660    !!!scatter          c_w.l(__scatter.o)
    0x08000128   0x0000001a   Code   RO          662    !!handler_copy      c_w.l(__scatter_copy.o)
    0x08000142   0x00000002   PAD
    0x08000144   0x0000001c   Code   RO          664    !!handler_zi        c_w.l(__scatter_zi.o)
    0x08000160   0x00000002   Code   RO          530    .ARM.Collect$$libinit$$00000000  c_w.l(libinit.o)
    0x08000162   0x00000000   Code   RO          537    .ARM.Collect$$libinit$$00000002  c_w.l(libinit2.o)
    0x08000162   0x00000000   Code   RO          539    .ARM.Collect$$libinit$$00000004  c_w.l(libinit2.o)
    0x08000162   0x00000000   Code   RO          542    .ARM.Collect$$libinit$$0000000A  c_w.l(libinit2.o)
    0x08000162   0x00000000   Code   RO          544    .ARM.Collect$$libinit$$0000000C  c_w.l(libinit2.o)
    0x08000162   0x00000000   Code   RO          546    .ARM.Collect$$libinit$$0000000E  c_w.l(libinit2.o)
    0x08000162   0x00000000   Code   RO          549    .ARM.Collect$$libinit$$00000011  c_w.l(libinit2.o)
    0x08000162   0x00000000   Code   RO          551    .ARM.Collect$$libinit$$00000013  c_w.l(libinit2.o)
    0x08000162   0x00000000   Code   RO          553    .ARM.Collect$$libinit$$00000015  c_w.l(libinit2.o)
    0x08000162   0x00000000   Code   RO          555    .ARM.Collect$$libinit$$00000017  c_w.l(libinit2.o)
    0x08000162   0x00000000   Code   RO          557    .ARM.Collect$$libinit$$00000019  c_w.l(libinit2.o)
    0x08000162   0x00000000   Code   RO          559    .ARM.Collect$$libinit$$0000001B  c_w.l(libinit2.o)
    0x08000162   0x00000000   Code   RO          561    .ARM.Collect$$libinit$$0000001D  c_w.l(libinit2.o)
    0x08000162   0x00000000   Code   RO          563    .ARM.Collect$$libinit$$0000001F  c_w.l(libinit2.o)
    0x08000162   0x00000000   Code   RO          565    .ARM.Collect$$libinit$$00000021  c_w.l(libinit2.o)
    0x08000162   0x00000000   Code   RO          567    .ARM.Collect$$libinit$$00000023  c_w.l(libinit2.o)
    0x08000162   0x00000000   Code   RO          569    .ARM.Collect$$libinit$$00000025  c_w.l(libinit2.o)
    0x08000162   0x00000000   Code   RO          573    .ARM.Collect$$libinit$$0000002C  c_w.l(libinit2.o)
    0x08000162   0x00000000   Code   RO          575    .ARM.Collect$$libinit$$0000002E  c_w.l(libinit2.o)
    0x08000162   0x00000000   Code   RO          577    .ARM.Collect$$libinit$$00000030  c_w.l(libinit2.o)
    0x08000162   0x00000000   Code   RO          579    .ARM.Collect$$libinit$$00000032  c_w.l(libinit2.o)
    0x08000162   0x00000002   Code   RO          580    .ARM.Collect$$libinit$$00000033  c_w.l(libinit2.o)
    0x08000164   0x00000002   Code   RO          600    .ARM.Collect$$libshutdown$$00000000  c_w.l(libshutdown.o)
    0x08000166   0x00000000   Code   RO          613    .ARM.Collect$$libshutdown$$00000002  c_w.l(libshutdown2.o)
    0x08000166   0x00000000   Code   RO          615    .ARM.Collect$$libshutdown$$00000004  c_w.l(libshutdown2.o)
    0x08000166   0x00000000   Code   RO          618    .ARM.Collect$$libshutdown$$00000007  c_w.l(libshutdown2.o)
    0x08000166   0x00000000   Code   RO          621    .ARM.Collect$$libshutdown$$0000000A  c_w.l(libshutdown2.o)
    0x08000166   0x00000000   Code   RO          623    .ARM.Collect$$libshutdown$$0000000C  c_w.l(libshutdown2.o)
    0x08000166   0x00000000   Code   RO          626    .ARM.Collect$$libshutdown$$0000000F  c_w.l(libshutdown2.o)
    0x08000166   0x00000002   Code   RO          627    .ARM.Collect$$libshutdown$$00000010  c_w.l(libshutdown2.o)
    0x08000168   0x00000000   Code   RO          500    .ARM.Collect$$rtentry$$00000000  c_w.l(__rtentry.o)
    0x08000168   0x00000000   Code   RO          507    .ARM.Collect$$rtentry$$00000002  c_w.l(__rtentry2.o)
    0x08000168   0x00000006   Code   RO          519    .ARM.Collect$$rtentry$$00000004  c_w.l(__rtentry4.o)
    0x0800016e   0x00000000   Code   RO          509    .ARM.Collect$$rtentry$$00000009  c_w.l(__rtentry2.o)
    0x0800016e   0x00000004   Code   RO          510    .ARM.Collect$$rtentry$$0000000A  c_w.l(__rtentry2.o)
    0x08000172   0x00000000   Code   RO          512    .ARM.Collect$$rtentry$$0000000C  c_w.l(__rtentry2.o)
    0x08000172   0x00000008   Code   RO          513    .ARM.Collect$$rtentry$$0000000D  c_w.l(__rtentry2.o)
    0x0800017a   0x00000002   Code   RO          534    .ARM.Collect$$rtexit$$00000000  c_w.l(rtexit.o)
    0x0800017c   0x00000000   Code   RO          582    .ARM.Collect$$rtexit$$00000002  c_w.l(rtexit2.o)
    0x0800017c   0x00000004   Code   RO          583    .ARM.Collect$$rtexit$$00000003  c_w.l(rtexit2.o)
    0x08000180   0x00000006   Code   RO          584    .ARM.Collect$$rtexit$$00000004  c_w.l(rtexit2.o)
    0x08000186   0x00000002   PAD
    0x08000188   0x000001e0   Code   RO           17    .text               system_stm32f10x.o
    0x08000368   0x000000dc   Code   RO          114    .text               misc.o
    0x08000444   0x0000035c   Code   RO          149    .text               stm32f10x_gpio.o
    0x080007a0   0x000003a4   Code   RO          161    .text               stm32f10x_rcc.o
    0x08000b44   0x00000408   Code   RO          175    .text               stm32f10x_usart.o
    0x08000f4c   0x000005bc   Code   RO          223    .text               stm32f10x_flash.o
    0x08001508   0x00000e1a   Code   RO          235    .text               stm32f10x_tim.o
    0x08002322   0x00000002   PAD
    0x08002324   0x00000040   Code   RO          286    .text               startup_stm32f10x_md.o
    0x08002364   0x00000124   Code   RO          290    .text               main.o
    0x08002488   0x0000001a   Code   RO          324    .text               stm32f10x_it.o
    0x080024a2   0x00000062   Code   RO          339    .text               delay.o
    0x08002504   0x0000007a   Code   RO          354    .text               sys.o
    0x0800257e   0x00000002   PAD
    0x08002580   0x0000013c   Code   RO          384    .text               hcsr.o
    0x080026bc   0x00000234   Code   RO          423    .text               motr.o
    0x080028f0   0x00000500   Code   RO          441    .text               receive_port.o
    0x08002df0   0x0000046c   Code   RO          463    .text               ooled.o
    0x0800325c   0x00000006   Code   RO          486    .text               c_w.l(heapauxi.o)
    0x08003262   0x0000004a   Code   RO          521    .text               c_w.l(sys_stackheap_outer.o)
    0x080032ac   0x00000012   Code   RO          523    .text               c_w.l(exit.o)
    0x080032be   0x00000002   PAD
    0x080032c0   0x00000008   Code   RO          531    .text               c_w.l(libspace.o)
    0x080032c8   0x0000000c   Code   RO          592    .text               c_w.l(sys_exit.o)
    0x080032d4   0x00000002   Code   RO          603    .text               c_w.l(use_no_semi.o)
    0x080032d6   0x00000000   Code   RO          605    .text               c_w.l(indicate_semi.o)
    0x080032d6   0x00000002   PAD
    0x080032d8   0x00000184   Code   RO          491    x$fpl$fdiv          fz_ws.l(fdiv.o)
    0x0800345c   0x00000030   Code   RO          495    x$fpl$fflt          fz_ws.l(fflt_clz.o)
    0x0800348c   0x0000008c   Code   RO          501    x$fpl$fnaninf       fz_ws.l(fnaninf.o)
    0x08003518   0x0000000a   Code   RO          503    x$fpl$fretinf       fz_ws.l(fretinf.o)
    0x08003522   0x00000000   Code   RO          505    x$fpl$usenofp       fz_ws.l(usenofp.o)
    0x08003522   0x000005f0   Data   RO          464    .constdata          ooled.o
    0x08003b12   0x00000002   PAD
    0x08003b14   0x00000020   Data   RO          658    Region$$Table       anon$$obj.o


    Execution Region RW_IRAM1 (Base: 0x20000000, Size: 0x00000770, Max: 0x00005000, ABSOLUTE)

    Base Addr    Size         Type   Attr      Idx    E Section Name        Object

    0x20000000   0x00000014   Data   RW           18    .data               system_stm32f10x.o
    0x20000014   0x00000014   Data   RW          162    .data               stm32f10x_rcc.o
    0x20000028   0x0000000c   Data   RW          385    .data               hcsr.o
    0x20000034   0x00000002   Data   RW          424    .data               motr.o
    0x20000036   0x00000017   Data   RW          443    .data               receive_port.o
    0x2000004d   0x00000080   Data   RW          465    .data               ooled.o
    0x200000cd   0x00000003   PAD
    0x200000d0   0x0000003c   Zero   RW          442    .bss                receive_port.o
    0x2000010c   0x00000060   Zero   RW          532    .bss                c_w.l(libspace.o)
    0x2000016c   0x00000004   PAD
    0x20000170   0x00000200   Zero   RW          284    HEAP                startup_stm32f10x_md.o
    0x20000370   0x00000400   Zero   RW          283    STACK               startup_stm32f10x_md.o


==============================================================================

Image component sizes


      Code (inc. data)   RO Data    RW Data    ZI Data      Debug   Object Name

         0          0          0          0          0       4532   core_cm3.o
        98          0          0          0          0        824   delay.o
       316         22          0         12          0       1204   hcsr.o
       292         12          0          0          0        563   main.o
       220         22          0          0          0     204993   misc.o
       564         24          0          2          0       1845   motr.o
      1132         12       1520        128          0       5381   ooled.o
      1280        108          0         23         60       2595   receive_port.o
        64         26        236          0       1536        780   startup_stm32f10x_md.o
      1468         34          0          0          0       8090   stm32f10x_flash.o
       860         38          0          0          0       5621   stm32f10x_gpio.o
        26          0          0          0          0       1182   stm32f10x_it.o
       932         36          0         20          0       8760   stm32f10x_rcc.o
      3610         88          0          0          0      22728   stm32f10x_tim.o
      1032         22          0          0          0       8340   stm32f10x_usart.o
       122          0          0          0          0        647   sys.o
       480         38          0         20          0      51327   system_stm32f10x.o

    ----------------------------------------------------------------------
     12500        482       1790        208       1596     329412   Object Totals
         0          0         32          0          0          0   (incl. Generated)
         4          0          2          3          0          0   (incl. Padding)

    ----------------------------------------------------------------------

      Code (inc. data)   RO Data    RW Data    ZI Data      Debug   Library Member Name

         8          0          0          0          0         68   __main.o
         0          0          0          0          0          0   __rtentry.o
        12          0          0          0          0          0   __rtentry2.o
         6          0          0          0          0          0   __rtentry4.o
        52          8          0          0          0          0   __scatter.o
        26          0          0          0          0          0   __scatter_copy.o
        28          0          0          0          0          0   __scatter_zi.o
        18          0          0          0          0         80   exit.o
         6          0          0          0          0        152   heapauxi.o
         0          0          0          0          0          0   indicate_semi.o
         2          0          0          0          0          0   libinit.o
         2          0          0          0          0          0   libinit2.o
         2          0          0          0          0          0   libshutdown.o
         2          0          0          0          0          0   libshutdown2.o
         8          4          0          0         96         68   libspace.o
         2          0          0          0          0          0   rtexit.o
        10          0          0          0          0          0   rtexit2.o
        12          4          0          0          0         68   sys_exit.o
        74          0          0          0          0         80   sys_stackheap_outer.o
         2          0          0          0          0         68   use_no_semi.o
       388         76          0          0          0         96   fdiv.o
        48          0          0          0          0         68   fflt_clz.o
       140          4          0          0          0         84   fnaninf.o
        10          0          0          0          0         68   fretinf.o
         0          0          0          0          0          0   usenofp.o

    ----------------------------------------------------------------------
       866         96          0          0        100        900   Library Totals
         8          0          0          0          4          0   (incl. Padding)

    ----------------------------------------------------------------------

      Code (inc. data)   RO Data    RW Data    ZI Data      Debug   Library Name

       272         16          0          0         96        584   c_w.l
       586         80          0          0          0        316   fz_ws.l

    ----------------------------------------------------------------------
       866         96          0          0        100        900   Library Totals

    ----------------------------------------------------------------------

==============================================================================


      Code (inc. data)   RO Data    RW Data    ZI Data      Debug   

     13366        578       1790        208       1696     328696   Grand Totals
     13366        578       1790        208       1696     328696   ELF Image Totals
     13366        578       1790        208          0          0   ROM Totals

==============================================================================

    Total RO  Size (Code + RO Data)                15156 (  14.80kB)
    Total RW  Size (RW Data + ZI Data)              1904 (   1.86kB)
    Total ROM Size (Code + RO Data + RW Data)      15364 (  15.00kB)

==============================================================================

